* installing *source* package ‘rayplot’ ...
** this is package ‘rayplot’ version ‘0.0.1’
** using staged installation
* configure: wrote src/Makevars for Linux
** libs
using C compiler: ‘x86_64-linux-gnu-gcc (Ubuntu 13.3.0-6ubuntu2~24.04.1) 13.3.0’
x86_64-linux-gnu-gcc -std=gnu2x -I"/usr/share/R/include" -DNDEBUG -I. -I2D -I3D -Iraylib -Iraylib/external/glfw/include -DPLATFORM_DESKTOP -DGRAPHICS_API_OPENGL_33 -D_GLFW_X11      -fpic  -g -O2 -fno-omit-frame-pointer -mno-omit-leaf-frame-pointer -ffile-prefix-map=/build/r-base-SRqRsK/r-base-4.6.1=. -fstack-protector-strong -fstack-clash-protection -Wformat -Werror=format-security -fcf-protection -fdebug-prefix-map=/build/r-base-SRqRsK/r-base-4.6.1=/usr/src/r-base-4.6.1-6.2404.0 -Wdate-time -D_FORTIFY_SOURCE=3  -c init.c -o init.o
x86_64-linux-gnu-gcc -std=gnu2x -I"/usr/share/R/include" -DNDEBUG -I. -I2D -I3D -Iraylib -Iraylib/external/glfw/include -DPLATFORM_DESKTOP -DGRAPHICS_API_OPENGL_33 -D_GLFW_X11      -fpic  -g -O2 -fno-omit-frame-pointer -mno-omit-leaf-frame-pointer -ffile-prefix-map=/build/r-base-SRqRsK/r-base-4.6.1=. -fstack-protector-strong -fstack-clash-protection -Wformat -Werror=format-security -fcf-protection -fdebug-prefix-map=/build/r-base-SRqRsK/r-base-4.6.1=/usr/src/r-base-4.6.1-6.2404.0 -Wdate-time -D_FORTIFY_SOURCE=3  -c 2D/rayplot_2D.c -o 2D/rayplot_2D.o
x86_64-linux-gnu-gcc -std=gnu2x -I"/usr/share/R/include" -DNDEBUG -I. -I2D -I3D -Iraylib -Iraylib/external/glfw/include -DPLATFORM_DESKTOP -DGRAPHICS_API_OPENGL_33 -D_GLFW_X11      -fpic  -g -O2 -fno-omit-frame-pointer -mno-omit-leaf-frame-pointer -ffile-prefix-map=/build/r-base-SRqRsK/r-base-4.6.1=. -fstack-protector-strong -fstack-clash-protection -Wformat -Werror=format-security -fcf-protection -fdebug-prefix-map=/build/r-base-SRqRsK/r-base-4.6.1=/usr/src/r-base-4.6.1-6.2404.0 -Wdate-time -D_FORTIFY_SOURCE=3  -c 2D/helper_2D.c -o 2D/helper_2D.o
x86_64-linux-gnu-gcc -std=gnu2x -I"/usr/share/R/include" -DNDEBUG -I. -I2D -I3D -Iraylib -Iraylib/external/glfw/include -DPLATFORM_DESKTOP -DGRAPHICS_API_OPENGL_33 -D_GLFW_X11      -fpic  -g -O2 -fno-omit-frame-pointer -mno-omit-leaf-frame-pointer -ffile-prefix-map=/build/r-base-SRqRsK/r-base-4.6.1=. -fstack-protector-strong -fstack-clash-protection -Wformat -Werror=format-security -fcf-protection -fdebug-prefix-map=/build/r-base-SRqRsK/r-base-4.6.1=/usr/src/r-base-4.6.1-6.2404.0 -Wdate-time -D_FORTIFY_SOURCE=3  -c 2D/layers_2D.c -o 2D/layers_2D.o
x86_64-linux-gnu-gcc -std=gnu2x -I"/usr/share/R/include" -DNDEBUG -I. -I2D -I3D -Iraylib -Iraylib/external/glfw/include -DPLATFORM_DESKTOP -DGRAPHICS_API_OPENGL_33 -D_GLFW_X11      -fpic  -g -O2 -fno-omit-frame-pointer -mno-omit-leaf-frame-pointer -ffile-prefix-map=/build/r-base-SRqRsK/r-base-4.6.1=. -fstack-protector-strong -fstack-clash-protection -Wformat -Werror=format-security -fcf-protection -fdebug-prefix-map=/build/r-base-SRqRsK/r-base-4.6.1=/usr/src/r-base-4.6.1-6.2404.0 -Wdate-time -D_FORTIFY_SOURCE=3  -c 2D/lifecycle_2D.c -o 2D/lifecycle_2D.o
x86_64-linux-gnu-gcc -std=gnu2x -I"/usr/share/R/include" -DNDEBUG -I. -I2D -I3D -Iraylib -Iraylib/external/glfw/include -DPLATFORM_DESKTOP -DGRAPHICS_API_OPENGL_33 -D_GLFW_X11      -fpic  -g -O2 -fno-omit-frame-pointer -mno-omit-leaf-frame-pointer -ffile-prefix-map=/build/r-base-SRqRsK/r-base-4.6.1=. -fstack-protector-strong -fstack-clash-protection -Wformat -Werror=format-security -fcf-protection -fdebug-prefix-map=/build/r-base-SRqRsK/r-base-4.6.1=/usr/src/r-base-4.6.1-6.2404.0 -Wdate-time -D_FORTIFY_SOURCE=3  -c 2D/view_2D.c -o 2D/view_2D.o
x86_64-linux-gnu-gcc -std=gnu2x -I"/usr/share/R/include" -DNDEBUG -I. -I2D -I3D -Iraylib -Iraylib/external/glfw/include -DPLATFORM_DESKTOP -DGRAPHICS_API_OPENGL_33 -D_GLFW_X11      -fpic  -g -O2 -fno-omit-frame-pointer -mno-omit-leaf-frame-pointer -ffile-prefix-map=/build/r-base-SRqRsK/r-base-4.6.1=. -fstack-protector-strong -fstack-clash-protection -Wformat -Werror=format-security -fcf-protection -fdebug-prefix-map=/build/r-base-SRqRsK/r-base-4.6.1=/usr/src/r-base-4.6.1-6.2404.0 -Wdate-time -D_FORTIFY_SOURCE=3  -c 2D/text_2D.c -o 2D/text_2D.o
x86_64-linux-gnu-gcc -std=gnu2x -I"/usr/share/R/include" -DNDEBUG -I. -I2D -I3D -Iraylib -Iraylib/external/glfw/include -DPLATFORM_DESKTOP -DGRAPHICS_API_OPENGL_33 -D_GLFW_X11      -fpic  -g -O2 -fno-omit-frame-pointer -mno-omit-leaf-frame-pointer -ffile-prefix-map=/build/r-base-SRqRsK/r-base-4.6.1=. -fstack-protector-strong -fstack-clash-protection -Wformat -Werror=format-security -fcf-protection -fdebug-prefix-map=/build/r-base-SRqRsK/r-base-4.6.1=/usr/src/r-base-4.6.1-6.2404.0 -Wdate-time -D_FORTIFY_SOURCE=3  -c 3D/rayplot_3D.c -o 3D/rayplot_3D.o
x86_64-linux-gnu-gcc -std=gnu2x -I"/usr/share/R/include" -DNDEBUG -I. -I2D -I3D -Iraylib -Iraylib/external/glfw/include -DPLATFORM_DESKTOP -DGRAPHICS_API_OPENGL_33 -D_GLFW_X11      -fpic  -g -O2 -fno-omit-frame-pointer -mno-omit-leaf-frame-pointer -ffile-prefix-map=/build/r-base-SRqRsK/r-base-4.6.1=. -fstack-protector-strong -fstack-clash-protection -Wformat -Werror=format-security -fcf-protection -fdebug-prefix-map=/build/r-base-SRqRsK/r-base-4.6.1=/usr/src/r-base-4.6.1-6.2404.0 -Wdate-time -D_FORTIFY_SOURCE=3  -c raylib/rcore.c -o raylib/rcore.o
x86_64-linux-gnu-gcc -std=gnu2x -I"/usr/share/R/include" -DNDEBUG -I. -I2D -I3D -Iraylib -Iraylib/external/glfw/include -DPLATFORM_DESKTOP -DGRAPHICS_API_OPENGL_33 -D_GLFW_X11      -fpic  -g -O2 -fno-omit-frame-pointer -mno-omit-leaf-frame-pointer -ffile-prefix-map=/build/r-base-SRqRsK/r-base-4.6.1=. -fstack-protector-strong -fstack-clash-protection -Wformat -Werror=format-security -fcf-protection -fdebug-prefix-map=/build/r-base-SRqRsK/r-base-4.6.1=/usr/src/r-base-4.6.1-6.2404.0 -Wdate-time -D_FORTIFY_SOURCE=3  -c raylib/rshapes.c -o raylib/rshapes.o
x86_64-linux-gnu-gcc -std=gnu2x -I"/usr/share/R/include" -DNDEBUG -I. -I2D -I3D -Iraylib -Iraylib/external/glfw/include -DPLATFORM_DESKTOP -DGRAPHICS_API_OPENGL_33 -D_GLFW_X11      -fpic  -g -O2 -fno-omit-frame-pointer -mno-omit-leaf-frame-pointer -ffile-prefix-map=/build/r-base-SRqRsK/r-base-4.6.1=. -fstack-protector-strong -fstack-clash-protection -Wformat -Werror=format-security -fcf-protection -fdebug-prefix-map=/build/r-base-SRqRsK/r-base-4.6.1=/usr/src/r-base-4.6.1-6.2404.0 -Wdate-time -D_FORTIFY_SOURCE=3  -c raylib/rtextures.c -o raylib/rtextures.o
x86_64-linux-gnu-gcc -std=gnu2x -I"/usr/share/R/include" -DNDEBUG -I. -I2D -I3D -Iraylib -Iraylib/external/glfw/include -DPLATFORM_DESKTOP -DGRAPHICS_API_OPENGL_33 -D_GLFW_X11      -fpic  -g -O2 -fno-omit-frame-pointer -mno-omit-leaf-frame-pointer -ffile-prefix-map=/build/r-base-SRqRsK/r-base-4.6.1=. -fstack-protector-strong -fstack-clash-protection -Wformat -Werror=format-security -fcf-protection -fdebug-prefix-map=/build/r-base-SRqRsK/r-base-4.6.1=/usr/src/r-base-4.6.1-6.2404.0 -Wdate-time -D_FORTIFY_SOURCE=3  -c raylib/rtext.c -o raylib/rtext.o
x86_64-linux-gnu-gcc -std=gnu2x -I"/usr/share/R/include" -DNDEBUG -I. -I2D -I3D -Iraylib -Iraylib/external/glfw/include -DPLATFORM_DESKTOP -DGRAPHICS_API_OPENGL_33 -D_GLFW_X11      -fpic  -g -O2 -fno-omit-frame-pointer -mno-omit-leaf-frame-pointer -ffile-prefix-map=/build/r-base-SRqRsK/r-base-4.6.1=. -fstack-protector-strong -fstack-clash-protection -Wformat -Werror=format-security -fcf-protection -fdebug-prefix-map=/build/r-base-SRqRsK/r-base-4.6.1=/usr/src/r-base-4.6.1-6.2404.0 -Wdate-time -D_FORTIFY_SOURCE=3  -c raylib/rmodels.c -o raylib/rmodels.o
x86_64-linux-gnu-gcc -std=gnu2x -I"/usr/share/R/include" -DNDEBUG -I. -I2D -I3D -Iraylib -Iraylib/external/glfw/include -DPLATFORM_DESKTOP -DGRAPHICS_API_OPENGL_33 -D_GLFW_X11      -fpic  -g -O2 -fno-omit-frame-pointer -mno-omit-leaf-frame-pointer -ffile-prefix-map=/build/r-base-SRqRsK/r-base-4.6.1=. -fstack-protector-strong -fstack-clash-protection -Wformat -Werror=format-security -fcf-protection -fdebug-prefix-map=/build/r-base-SRqRsK/r-base-4.6.1=/usr/src/r-base-4.6.1-6.2404.0 -Wdate-time -D_FORTIFY_SOURCE=3  -c raylib/utils.c -o raylib/utils.o
x86_64-linux-gnu-gcc -std=gnu2x -I"/usr/share/R/include" -DNDEBUG -I. -I2D -I3D -Iraylib -Iraylib/external/glfw/include -DPLATFORM_DESKTOP -DGRAPHICS_API_OPENGL_33 -D_GLFW_X11      -fpic  -g -O2 -fno-omit-frame-pointer -mno-omit-leaf-frame-pointer -ffile-prefix-map=/build/r-base-SRqRsK/r-base-4.6.1=. -fstack-protector-strong -fstack-clash-protection -Wformat -Werror=format-security -fcf-protection -fdebug-prefix-map=/build/r-base-SRqRsK/r-base-4.6.1=/usr/src/r-base-4.6.1-6.2404.0 -Wdate-time -D_FORTIFY_SOURCE=3   -c raylib/rglfw.c -o raylib/rglfw.o
x86_64-linux-gnu-gcc -std=gnu2x -shared -L/usr/lib/R/lib -Wl,-Bsymbolic-functions -flto=auto -ffat-lto-objects -Wl,-z,relro -o rayplot.so init.o 2D/rayplot_2D.o 2D/helper_2D.o 2D/layers_2D.o 2D/lifecycle_2D.o 2D/view_2D.o 2D/text_2D.o 3D/rayplot_3D.o raylib/rcore.o raylib/rshapes.o raylib/rtextures.o raylib/rtext.o raylib/rmodels.o raylib/utils.o raylib/rglfw.o -lGL -lX11 -lm -lpthread -ldl -lrt -L/usr/lib/R/lib -lR
installing to /home/konrad/Documents/rayplot/rayplot.Rcheck/00LOCK-rayplot/00new/rayplot/libs
** R
** inst
** byte-compile and prepare package for lazy loading
** help
*** installing help indices
** building package indices
** testing if installed package can be loaded from temporary location
** checking absolute paths in shared objects and dynamic libraries
** testing if installed package can be loaded from final location
** testing if installed package keeps a record of temporary installation path
* DONE (rayplot)
